This file is intentionally left empty, see all_*.out instead.
